// Jest Snapshot v1, https://goo.gl/fbAQLP

exports[`narrative order (ORDER-DEPENDENT — bridging ledes assume this sequence) unit-by-unit chapter id sequence matches the pinned snapshot 1`] = `
Array [
  "strategy-how-the-test-works",
  "strategy-test-day-tactics",
  "strategy-test-writer",
  "math-foundations",
  "math-solving-equations",
  "math-inequalities",
  "math-linear-equations",
  "math-systems",
  "math-functions",
  "math-equivalent-expressions",
  "math-quadratics",
  "math-transformations",
  "math-exponents",
  "math-nonlinear-equations",
  "math-dimensional-analysis",
  "math-percents",
  "math-probability",
  "math-statistics",
  "math-two-variable-data",
  "math-statistical-claims",
  "math-lines-angles",
  "math-triangles",
  "math-right-triangle-trig",
  "math-circles",
  "math-radians-degrees",
  "math-volume",
  "rw-central-ideas",
  "rw-inferences",
  "rw-command-of-evidence-textual",
  "rw-command-of-evidence-quantitative",
  "rw-words-in-context",
  "rw-text-structure-and-purpose",
  "rw-cross-text-connections",
  "rw-sentence-boundaries",
  "rw-commas",
  "rw-subject-verb-agreement",
  "rw-pronouns",
  "rw-verbs",
  "rw-modifiers-parallelism",
  "rw-apostrophes",
  "rw-transitions",
  "rw-rhetorical-synthesis",
]
`;
